main.c:75:6:setTimer1	16	static
main.c:82:6:setTimer2	16	static
main.c:86:6:timerRun	4	static
main.c:104:6:HAL_UART_RxCpltCallback	16	static
main.c:112:6:command_parser_fsm	24	static
main.c:154:6:uart_communication_fsm	56	static
main.c:175:5:main	8	static
main.c:229:6:SystemClock_Config	88	static
main.c:272:13:MX_ADC1_Init	24	static
main.c:317:13:MX_TIM2_Init	32	static
main.c:362:13:MX_USART2_UART_Init	8	static
main.c:395:13:MX_GPIO_Init	32	static
main.c:415:6:HAL_TIM_PeriodElapsedCallback	16	static
main.c:424:6:Error_Handler	4	static,ignoring_inline_asm
